Archive member included to satisfy reference by file (symbol)

/home/prateek/STMrun/plugins/com.st.stm32cube.ide.mcu.externaltools.gnu-tools-for-stm32.7-2018-q2-update.linux64_1.0.0.201904181610/tools/bin/../lib/gcc/arm-none-eabi/7.3.1/../../../../arm-none-eabi/lib/thumb/v7e-m/fpv4-sp/hard/libc_nano.a(lib_a-errno.o)
                              Src/syscalls.o (__errno)
/home/prateek/STMrun/plugins/com.st.stm32cube.ide.mcu.externaltools.gnu-tools-for-stm32.7-2018-q2-update.linux64_1.0.0.201904181610/tools/bin/../lib/gcc/arm-none-eabi/7.3.1/../../../../arm-none-eabi/lib/thumb/v7e-m/fpv4-sp/hard/libc_nano.a(lib_a-exit.o)
                              /home/prateek/STMrun/plugins/com.st.stm32cube.ide.mcu.externaltools.gnu-tools-for-stm32.7-2018-q2-update.linux64_1.0.0.201904181610/tools/bin/../lib/gcc/arm-none-eabi/7.3.1/../../../../arm-none-eabi/lib/thumb/v7e-m/fpv4-sp/hard/crt0.o (exit)
/home/prateek/STMrun/plugins/com.st.stm32cube.ide.mcu.externaltools.gnu-tools-for-stm32.7-2018-q2-update.linux64_1.0.0.201904181610/tools/bin/../lib/gcc/arm-none-eabi/7.3.1/../../../../arm-none-eabi/lib/thumb/v7e-m/fpv4-sp/hard/libc_nano.a(lib_a-impure.o)
                              /home/prateek/STMrun/plugins/com.st.stm32cube.ide.mcu.externaltools.gnu-tools-for-stm32.7-2018-q2-update.linux64_1.0.0.201904181610/tools/bin/../lib/gcc/arm-none-eabi/7.3.1/../../../../arm-none-eabi/lib/thumb/v7e-m/fpv4-sp/hard/libc_nano.a(lib_a-exit.o) (_global_impure_ptr)
/home/prateek/STMrun/plugins/com.st.stm32cube.ide.mcu.externaltools.gnu-tools-for-stm32.7-2018-q2-update.linux64_1.0.0.201904181610/tools/bin/../lib/gcc/arm-none-eabi/7.3.1/../../../../arm-none-eabi/lib/thumb/v7e-m/fpv4-sp/hard/libc_nano.a(lib_a-init.o)
                              /home/prateek/STMrun/plugins/com.st.stm32cube.ide.mcu.externaltools.gnu-tools-for-stm32.7-2018-q2-update.linux64_1.0.0.201904181610/tools/bin/../lib/gcc/arm-none-eabi/7.3.1/../../../../arm-none-eabi/lib/thumb/v7e-m/fpv4-sp/hard/crt0.o (__libc_init_array)
/home/prateek/STMrun/plugins/com.st.stm32cube.ide.mcu.externaltools.gnu-tools-for-stm32.7-2018-q2-update.linux64_1.0.0.201904181610/tools/bin/../lib/gcc/arm-none-eabi/7.3.1/../../../../arm-none-eabi/lib/thumb/v7e-m/fpv4-sp/hard/libc_nano.a(lib_a-memset.o)
                              /home/prateek/STMrun/plugins/com.st.stm32cube.ide.mcu.externaltools.gnu-tools-for-stm32.7-2018-q2-update.linux64_1.0.0.201904181610/tools/bin/../lib/gcc/arm-none-eabi/7.3.1/../../../../arm-none-eabi/lib/thumb/v7e-m/fpv4-sp/hard/crt0.o (memset)

Allocating common symbols
Common symbol       size              file

values              0x6               Src/main.o
uwTick              0x4               Drivers/STM32F3xx_HAL_Driver/Src/stm32f3xx_hal.o
pFlash              0x20              Drivers/STM32F3xx_HAL_Driver/Src/stm32f3xx_hal_flash.o
hadc1               0x54              Src/main.o
hdma_adc1           0x44              Src/main.o
htim2               0x40              Src/main.o

Discarded input sections

 .text          0x0000000000000000        0x0 /home/prateek/STMrun/plugins/com.st.stm32cube.ide.mcu.externaltools.gnu-tools-for-stm32.7-2018-q2-update.linux64_1.0.0.201904181610/tools/bin/../lib/gcc/arm-none-eabi/7.3.1/thumb/v7e-m/fpv4-sp/hard/crti.o
 .data          0x0000000000000000        0x0 /home/prateek/STMrun/plugins/com.st.stm32cube.ide.mcu.externaltools.gnu-tools-for-stm32.7-2018-q2-update.linux64_1.0.0.201904181610/tools/bin/../lib/gcc/arm-none-eabi/7.3.1/thumb/v7e-m/fpv4-sp/hard/crti.o
 .bss           0x0000000000000000        0x0 /home/prateek/STMrun/plugins/com.st.stm32cube.ide.mcu.externaltools.gnu-tools-for-stm32.7-2018-q2-update.linux64_1.0.0.201904181610/tools/bin/../lib/gcc/arm-none-eabi/7.3.1/thumb/v7e-m/fpv4-sp/hard/crti.o
 .data          0x0000000000000000        0x4 /home/prateek/STMrun/plugins/com.st.stm32cube.ide.mcu.externaltools.gnu-tools-for-stm32.7-2018-q2-update.linux64_1.0.0.201904181610/tools/bin/../lib/gcc/arm-none-eabi/7.3.1/thumb/v7e-m/fpv4-sp/hard/crtbegin.o
 .text          0x0000000000000000       0x74 /home/prateek/STMrun/plugins/com.st.stm32cube.ide.mcu.externaltools.gnu-tools-for-stm32.7-2018-q2-update.linux64_1.0.0.201904181610/tools/bin/../lib/gcc/arm-none-eabi/7.3.1/../../../../arm-none-eabi/lib/thumb/v7e-m/fpv4-sp/hard/crt0.o
 .data          0x0000000000000000        0x0 /home/prateek/STMrun/plugins/com.st.stm32cube.ide.mcu.externaltools.gnu-tools-for-stm32.7-2018-q2-update.linux64_1.0.0.201904181610/tools/bin/../lib/gcc/arm-none-eabi/7.3.1/../../../../arm-none-eabi/lib/thumb/v7e-m/fpv4-sp/hard/crt0.o
 .bss           0x0000000000000000        0x0 /home/prateek/STMrun/plugins/com.st.stm32cube.ide.mcu.externaltools.gnu-tools-for-stm32.7-2018-q2-update.linux64_1.0.0.201904181610/tools/bin/../lib/gcc/arm-none-eabi/7.3.1/../../../../arm-none-eabi/lib/thumb/v7e-m/fpv4-sp/hard/crt0.o
[...]
Memory Configuration

Name             Origin             Length             Attributes
CCMRAM           0x0000000010000000 0x0000000000002000 xrw
RAM              0x0000000020000000 0x000000000000a000 xrw
FLASH            0x0000000008000000 0x0000000000040000 xr
*default*        0x0000000000000000 0xffffffffffffffff

Linker script and memory map

LOAD /home/prateek/STMrun/plugins/com.st.stm32cube.ide.mcu.externaltools.gnu-tools-for-stm32.7-2018-q2-update.linux64_1.0.0.201904181610/tools/bin/../lib/gcc/arm-none-eabi/7.3.1/thumb/v7e-m/fpv4-sp/hard/crti.o
LOAD /home/prateek/STMrun/plugins/com.st.stm32cube.ide.mcu.externaltools.gnu-tools-for-stm32.7-2018-q2-update.linux64_1.0.0.201904181610/tools/bin/../lib/gcc/arm-none-eabi/7.3.1/thumb/v7e-m/fpv4-sp/hard/crtbegin.o
LOAD /home/prateek/STMrun/plugins/com.st.stm32cube.ide.mcu.externaltools.gnu-tools-for-stm32.7-2018-q2-update.linux64_1.0.0.201904181610/tools/bin/../lib/gcc/arm-none-eabi/7.3.1/../../../../arm-none-eabi/lib/thumb/v7e-m/fpv4-sp/hard/crt0.o
LOAD Drivers/STM32F3xx_HAL_Driver/Src/stm32f3xx_hal.o
LOAD Drivers/STM32F3xx_HAL_Driver/Src/stm32f3xx_hal_adc.o
LOAD Drivers/STM32F3xx_HAL_Driver/Src/stm32f3xx_hal_adc_ex.o
LOAD Drivers/STM32F3xx_HAL_Driver/Src/stm32f3xx_hal_cortex.o
LOAD Drivers/STM32F3xx_HAL_Driver/Src/stm32f3xx_hal_dma.o
LOAD Drivers/STM32F3xx_HAL_Driver/Src/stm32f3xx_hal_flash.o
LOAD Drivers/STM32F3xx_HAL_Driver/Src/stm32f3xx_hal_flash_ex.o
LOAD Drivers/STM32F3xx_HAL_Driver/Src/stm32f3xx_hal_gpio.o
LOAD Drivers/STM32F3xx_HAL_Driver/Src/stm32f3xx_hal_i2c.o
LOAD Drivers/STM32F3xx_HAL_Driver/Src/stm32f3xx_hal_i2c_ex.o
LOAD Drivers/STM32F3xx_HAL_Driver/Src/stm32f3xx_hal_pwr.o
LOAD Drivers/STM32F3xx_HAL_Driver/Src/stm32f3xx_hal_pwr_ex.o
LOAD Drivers/STM32F3xx_HAL_Driver/Src/stm32f3xx_hal_rcc.o
LOAD Drivers/STM32F3xx_HAL_Driver/Src/stm32f3xx_hal_rcc_ex.o
LOAD Drivers/STM32F3xx_HAL_Driver/Src/stm32f3xx_hal_tim.o
LOAD Drivers/STM32F3xx_HAL_Driver/Src/stm32f3xx_hal_tim_ex.o
LOAD Src/main.o
LOAD Src/stm32f3xx_hal_msp.o
LOAD Src/stm32f3xx_it.o
LOAD Src/syscalls.o
LOAD Src/sysmem.o
LOAD Src/system_stm32f3xx.o
LOAD Startup/startup_stm32f303vctx.o
START GROUP
LOAD /home/prateek/STMrun/plugins/com.st.stm32cube.ide.mcu.externaltools.gnu-tools-for-stm32.7-2018-q2-update.linux64_1.0.0.201904181610/tools/bin/../lib/gcc/arm-none-eabi/7.3.1/../../../../arm-none-eabi/lib/thumb/v7e-m/fpv4-sp/hard/libc_nano.a
LOAD /home/prateek/STMrun/plugins/com.st.stm32cube.ide.mcu.externaltools.gnu-tools-for-stm32.7-2018-q2-update.linux64_1.0.0.201904181610/tools/bin/../lib/gcc/arm-none-eabi/7.3.1/../../../../arm-none-eabi/lib/thumb/v7e-m/fpv4-sp/hard/libm.a
END GROUP
START GROUP
LOAD /home/prateek/STMrun/plugins/com.st.stm32cube.ide.mcu.externaltools.gnu-tools-for-stm32.7-2018-q2-update.linux64_1.0.0.201904181610/tools/bin/../lib/gcc/arm-none-eabi/7.3.1/thumb/v7e-m/fpv4-sp/hard/libgcc.a
LOAD /home/prateek/STMrun/plugins/com.st.stm32cube.ide.mcu.externaltools.gnu-tools-for-stm32.7-2018-q2-update.linux64_1.0.0.201904181610/tools/bin/../lib/gcc/arm-none-eabi/7.3.1/../../../../arm-none-eabi/lib/thumb/v7e-m/fpv4-sp/hard/libc_nano.a
END GROUP
START GROUP
LOAD /home/prateek/STMrun/plugins/com.st.stm32cube.ide.mcu.externaltools.gnu-tools-for-stm32.7-2018-q2-update.linux64_1.0.0.201904181610/tools/bin/../lib/gcc/arm-none-eabi/7.3.1/thumb/v7e-m/fpv4-sp/hard/libgcc.a
LOAD /home/prateek/STMrun/plugins/com.st.stm32cube.ide.mcu.externaltools.gnu-tools-for-stm32.7-2018-q2-update.linux64_1.0.0.201904181610/tools/bin/../lib/gcc/arm-none-eabi/7.3.1/../../../../arm-none-eabi/lib/thumb/v7e-m/fpv4-sp/hard/libc_nano.a
LOAD /home/prateek/STMrun/plugins/com.st.stm32cube.ide.mcu.externaltools.gnu-tools-for-stm32.7-2018-q2-update.linux64_1.0.0.201904181610/tools/bin/../lib/gcc/arm-none-eabi/7.3.1/../../../../arm-none-eabi/lib/thumb/v7e-m/fpv4-sp/hard/libnosys.a
END GROUP
START GROUP
LOAD /home/prateek/STMrun/plugins/com.st.stm32cube.ide.mcu.externaltools.gnu-tools-for-stm32.7-2018-q2-update.linux64_1.0.0.201904181610/tools/bin/../lib/gcc/arm-none-eabi/7.3.1/thumb/v7e-m/fpv4-sp/hard/libgcc.a
LOAD /home/prateek/STMrun/plugins/com.st.stm32cube.ide.mcu.externaltools.gnu-tools-for-stm32.7-2018-q2-update.linux64_1.0.0.201904181610/tools/bin/../lib/gcc/arm-none-eabi/7.3.1/../../../../arm-none-eabi/lib/thumb/v7e-m/fpv4-sp/hard/libc_nano.a
LOAD /home/prateek/STMrun/plugins/com.st.stm32cube.ide.mcu.externaltools.gnu-tools-for-stm32.7-2018-q2-update.linux64_1.0.0.201904181610/tools/bin/../lib/gcc/arm-none-eabi/7.3.1/../../../../arm-none-eabi/lib/thumb/v7e-m/fpv4-sp/hard/libnosys.a
END GROUP
LOAD /home/prateek/STMrun/plugins/com.st.stm32cube.ide.mcu.externaltools.gnu-tools-for-stm32.7-2018-q2-update.linux64_1.0.0.201904181610/tools/bin/../lib/gcc/arm-none-eabi/7.3.1/thumb/v7e-m/fpv4-sp/hard/crtend.o
LOAD /home/prateek/STMrun/plugins/com.st.stm32cube.ide.mcu.externaltools.gnu-tools-for-stm32.7-2018-q2-update.linux64_1.0.0.201904181610/tools/bin/../lib/gcc/arm-none-eabi/7.3.1/thumb/v7e-m/fpv4-sp/hard/crtn.o
                0x000000002000a000                _estack = 0x2000a000
                0x0000000000000200                _Min_Heap_Size = 0x200
                0x0000000000000400                _Min_Stack_Size = 0x400

.isr_vector     0x0000000008000000      0x188
                0x0000000008000000                . = ALIGN (0x4)
 *(.isr_vector)
 .isr_vector    0x0000000008000000      0x188 Startup/startup_stm32f303vctx.o
                0x0000000008000000                g_pfnVectors
                0x0000000008000188                . = ALIGN (0x4)

.text           0x0000000008000188     0x368c
                0x0000000008000188                . = ALIGN (0x4)
 *(.text)
 .text          0x0000000008000188       0x40 /home/prateek/STMrun/plugins/com.st.stm32cube.ide.mcu.externaltools.gnu-tools-for-stm32.7-2018-q2-update.linux64_1.0.0.201904181610/tools/bin/../lib/gcc/arm-none-eabi/7.3.1/thumb/v7e-m/fpv4-sp/hard/crtbegin.o
 *(.text*)
 .text.HAL_Init
                0x00000000080001c8       0x2c Drivers/STM32F3xx_HAL_Driver/Src/stm32f3xx_hal.o
                0x00000000080001c8                HAL_Init
 .text.HAL_InitTick
                0x00000000080001f4       0x60 Drivers/STM32F3xx_HAL_Driver/Src/stm32f3xx_hal.o
                0x00000000080001f4                HAL_InitTick
 .text.HAL_IncTick
                0x0000000008000254       0x28 Drivers/STM32F3xx_HAL_Driver/Src/stm32f3xx_hal.o
                0x0000000008000254                HAL_IncTick
 .text.HAL_GetTick
                0x000000000800027c       0x18 Drivers/STM32F3xx_HAL_Driver/Src/stm32f3xx_hal.o
                0x000000000800027c                HAL_GetTick
 .text.HAL_ADC_ConvCpltCallback
                0x0000000008000294       0x14 Drivers/STM32F3xx_HAL_Driver/Src/stm32f3xx_hal_adc.o
                0x0000000008000294                HAL_ADC_ConvCpltCallback
 .text.HAL_ADC_ConvHalfCpltCallback
                0x00000000080002a8       0x14 Drivers/STM32F3xx_HAL_Driver/Src/stm32f3xx_hal_adc.o
                0x00000000080002a8                HAL_ADC_ConvHalfCpltCallback
 .text.HAL_ADC_ErrorCallback
                0x00000000080002bc       0x14 Drivers/STM32F3xx_HAL_Driver/Src/stm32f3xx_hal_adc.o
                0x00000000080002bc                HAL_ADC_ErrorCallback
 .text.HAL_ADC_Init
                0x00000000080002d0      0x3c0 Drivers/STM32F3xx_HAL_Driver/Src/stm32f3xx_hal_adc_ex.o
                0x00000000080002d0                HAL_ADC_Init
 .text.HAL_ADC_Start_DMA
                0x0000000008000690      0x238 Drivers/STM32F3xx_HAL_Driver/Src/stm32f3xx_hal_adc_ex.o
                0x0000000008000690                HAL_ADC_Start_DMA
 .text.HAL_ADC_ConfigChannel
                0x00000000080008c8      0x5d8 Drivers/STM32F3xx_HAL_Driver/Src/stm32f3xx_hal_adc_ex.o
                0x00000000080008c8                HAL_ADC_ConfigChannel
 .text.HAL_ADCEx_MultiModeConfigChannel
                0x0000000008000ea0      0x1e0 Drivers/STM32F3xx_HAL_Driver/Src/stm32f3xx_hal_adc_ex.o
                0x0000000008000ea0                HAL_ADCEx_MultiModeConfigChannel
 .text.ADC_DMAConvCplt
                0x0000000008001080       0x7a Drivers/STM32F3xx_HAL_Driver/Src/stm32f3xx_hal_adc_ex.o
 .text.ADC_DMAHalfConvCplt
                0x00000000080010fa       0x1c Drivers/STM32F3xx_HAL_Driver/Src/stm32f3xx_hal_adc_ex.o
 .text.ADC_DMAError
                0x0000000008001116       0x34 Drivers/STM32F3xx_HAL_Driver/Src/stm32f3xx_hal_adc_ex.o
 *fill*         0x000000000800114a        0x2 
 .text.ADC_Enable
                0x000000000800114c       0xbc Drivers/STM32F3xx_HAL_Driver/Src/stm32f3xx_hal_adc_ex.o
 .text.ADC_Disable
                0x0000000008001208       0xbe Drivers/STM32F3xx_HAL_Driver/Src/stm32f3xx_hal_adc_ex.o
 *fill*         0x00000000080012c6        0x2 
 .text.NVIC_SetPriorityGrouping
                0x00000000080012c8       0x48 Drivers/STM32F3xx_HAL_Driver/Src/stm32f3xx_hal_cortex.o
 .text.NVIC_GetPriorityGrouping
                0x0000000008001310       0x1c Drivers/STM32F3xx_HAL_Driver/Src/stm32f3xx_hal_cortex.o
 .text.NVIC_EnableIRQ
                0x000000000800132c       0x34 Drivers/STM32F3xx_HAL_Driver/Src/stm32f3xx_hal_cortex.o
 .text.NVIC_SetPriority
                0x0000000008001360       0x54 Drivers/STM32F3xx_HAL_Driver/Src/stm32f3xx_hal_cortex.o
 .text.NVIC_EncodePriority
                0x00000000080013b4       0x66 Drivers/STM32F3xx_HAL_Driver/Src/stm32f3xx_hal_cortex.o
 *fill*         0x000000000800141a        0x2 
 .text.SysTick_Config
                0x000000000800141c       0x44 Drivers/STM32F3xx_HAL_Driver/Src/stm32f3xx_hal_cortex.o
 .text.HAL_NVIC_SetPriorityGrouping
                0x0000000008001460       0x16 Drivers/STM32F3xx_HAL_Driver/Src/stm32f3xx_hal_cortex.o
                0x0000000008001460                HAL_NVIC_SetPriorityGrouping
 .text.HAL_NVIC_SetPriority
                0x0000000008001476       0x38 Drivers/STM32F3xx_HAL_Driver/Src/stm32f3xx_hal_cortex.o
                0x0000000008001476                HAL_NVIC_SetPriority
 .text.HAL_NVIC_EnableIRQ
                0x00000000080014ae       0x1c Drivers/STM32F3xx_HAL_Driver/Src/stm32f3xx_hal_cortex.o
                0x00000000080014ae                HAL_NVIC_EnableIRQ
 .text.HAL_SYSTICK_Config
                0x00000000080014ca       0x18 Drivers/STM32F3xx_HAL_Driver/Src/stm32f3xx_hal_cortex.o
                0x00000000080014ca                HAL_SYSTICK_Config
 .text.HAL_DMA_Init
                0x00000000080014e2       0x8e Drivers/STM32F3xx_HAL_Driver/Src/stm32f3xx_hal_dma.o
                0x00000000080014e2                HAL_DMA_Init
 .text.HAL_DMA_Start_IT
                0x0000000008001570       0xbe Drivers/STM32F3xx_HAL_Driver/Src/stm32f3xx_hal_dma.o
                0x0000000008001570                HAL_DMA_Start_IT
 .text.HAL_DMA_IRQHandler
                0x000000000800162e      0x146 Drivers/STM32F3xx_HAL_Driver/Src/stm32f3xx_hal_dma.o
                0x000000000800162e                HAL_DMA_IRQHandler
 .text.DMA_SetConfig
                0x0000000008001774       0x5c Drivers/STM32F3xx_HAL_Driver/Src/stm32f3xx_hal_dma.o
 .text.DMA_CalcBaseAndBitshift
                0x00000000080017d0       0x78 Drivers/STM32F3xx_HAL_Driver/Src/stm32f3xx_hal_dma.o
 .text.HAL_GPIO_Init
                0x0000000008001848      0x2fc Drivers/STM32F3xx_HAL_Driver/Src/stm32f3xx_hal_gpio.o
                0x0000000008001848                HAL_GPIO_Init
 .text.HAL_RCC_OscConfig
                0x0000000008001b44      0xddc Drivers/STM32F3xx_HAL_Driver/Src/stm32f3xx_hal_rcc.o
                0x0000000008001b44                HAL_RCC_OscConfig
 .text.HAL_RCC_ClockConfig
                0x0000000008002920      0x2f8 Drivers/STM32F3xx_HAL_Driver/Src/stm32f3xx_hal_rcc.o
                0x0000000008002920                HAL_RCC_ClockConfig
 .text.HAL_RCC_GetSysClockFreq
                0x0000000008002c18       0xd4 Drivers/STM32F3xx_HAL_Driver/Src/stm32f3xx_hal_rcc.o
                0x0000000008002c18                HAL_RCC_GetSysClockFreq
 .text.HAL_TIM_Base_Init
                0x0000000008002cec       0x56 Drivers/STM32F3xx_HAL_Driver/Src/stm32f3xx_hal_tim.o
                0x0000000008002cec                HAL_TIM_Base_Init
 .text.HAL_TIM_ConfigClockSource
                0x0000000008002d42      0x1c4 Drivers/STM32F3xx_HAL_Driver/Src/stm32f3xx_hal_tim.o
                0x0000000008002d42                HAL_TIM_ConfigClockSource
 *fill*         0x0000000008002f06        0x2 
 .text.TIM_Base_SetConfig
                0x0000000008002f08      0x124 Drivers/STM32F3xx_HAL_Driver/Src/stm32f3xx_hal_tim.o
                0x0000000008002f08                TIM_Base_SetConfig
 .text.TIM_TI1_ConfigInputStage
                0x000000000800302c       0x66 Drivers/STM32F3xx_HAL_Driver/Src/stm32f3xx_hal_tim.o
 .text.TIM_TI2_ConfigInputStage
                0x0000000008003092       0x68 Drivers/STM32F3xx_HAL_Driver/Src/stm32f3xx_hal_tim.o
 .text.TIM_ITRx_SetConfig
                0x00000000080030fa       0x40 Drivers/STM32F3xx_HAL_Driver/Src/stm32f3xx_hal_tim.o
 .text.TIM_ETR_SetConfig
                0x000000000800313a       0x44 Drivers/STM32F3xx_HAL_Driver/Src/stm32f3xx_hal_tim.o
                0x000000000800313a                TIM_ETR_SetConfig
 *fill*         0x000000000800317e        0x2 
 .text.HAL_TIMEx_MasterConfigSynchronization
                0x0000000008003180       0xa8 Drivers/STM32F3xx_HAL_Driver/Src/stm32f3xx_hal_tim_ex.o
                0x0000000008003180                HAL_TIMEx_MasterConfigSynchronization
 .text.main     0x0000000008003228       0x30 Src/main.o
                0x0000000008003228                main
 .text.SystemClock_Config
                0x0000000008003258       0x76 Src/main.o
                0x0000000008003258                SystemClock_Config
 *fill*         0x00000000080032ce        0x2 
 .text.MX_ADC1_Init
                0x00000000080032d0      0x114 Src/main.o
 .text.MX_TIM2_Init
                0x00000000080033e4       0x98 Src/main.o
 .text.MX_DMA_Init
                0x000000000800347c       0x3c Src/main.o
 .text.MX_GPIO_Init
                0x00000000080034b8       0x30 Src/main.o
 .text.Error_Handler
                0x00000000080034e8        0xe Src/main.o
                0x00000000080034e8                Error_Handler
 *fill*         0x00000000080034f6        0x2 
 .text.HAL_MspInit
                0x00000000080034f8       0x48 Src/stm32f3xx_hal_msp.o
                0x00000000080034f8                HAL_MspInit
 .text.HAL_ADC_MspInit
                0x0000000008003540       0xd0 Src/stm32f3xx_hal_msp.o
                0x0000000008003540                HAL_ADC_MspInit
 .text.HAL_TIM_Base_MspInit
                0x0000000008003610       0x3c Src/stm32f3xx_hal_msp.o
                0x0000000008003610                HAL_TIM_Base_MspInit
 .text.NMI_Handler
                0x000000000800364c        0xe Src/stm32f3xx_it.o
                0x000000000800364c                NMI_Handler
 .text.HardFault_Handler
                0x000000000800365a        0x6 Src/stm32f3xx_it.o
                0x000000000800365a                HardFault_Handler
 .text.MemManage_Handler
                0x0000000008003660        0x6 Src/stm32f3xx_it.o
                0x0000000008003660                MemManage_Handler
 .text.BusFault_Handler
                0x0000000008003666        0x6 Src/stm32f3xx_it.o
                0x0000000008003666                BusFault_Handler
 .text.UsageFault_Handler
                0x000000000800366c        0x6 Src/stm32f3xx_it.o
                0x000000000800366c                UsageFault_Handler
 .text.SVC_Handler
                0x0000000008003672        0xe Src/stm32f3xx_it.o
                0x0000000008003672                SVC_Handler
 .text.DebugMon_Handler
                0x0000000008003680        0xe Src/stm32f3xx_it.o
                0x0000000008003680                DebugMon_Handler
 .text.PendSV_Handler
                0x000000000800368e        0xe Src/stm32f3xx_it.o
                0x000000000800368e                PendSV_Handler
 .text.SysTick_Handler
                0x000000000800369c        0xc Src/stm32f3xx_it.o
                0x000000000800369c                SysTick_Handler
 .text.DMA1_Channel1_IRQHandler
                0x00000000080036a8       0x14 Src/stm32f3xx_it.o
                0x00000000080036a8                DMA1_Channel1_IRQHandler
 .text.SystemInit
                0x00000000080036bc       0x94 Src/system_stm32f3xx.o
                0x00000000080036bc                SystemInit
 .text.Reset_Handler
                0x0000000008003750       0x50 Startup/startup_stm32f303vctx.o
                0x0000000008003750                Reset_Handler
 .text.Default_Handler
                0x00000000080037a0        0x2 Startup/startup_stm32f303vctx.o
                0x00000000080037a0                RTC_Alarm_IRQHandler
                0x00000000080037a0                TIM8_TRG_COM_IRQHandler
                0x00000000080037a0                TIM8_CC_IRQHandler
                0x00000000080037a0                TIM1_CC_IRQHandler
                0x00000000080037a0                USB_HP_IRQHandler
                0x00000000080037a0                PVD_IRQHandler
                0x00000000080037a0                TAMP_STAMP_IRQHandler
                0x00000000080037a0                EXTI3_IRQHandler
                0x00000000080037a0                USB_HP_CAN_TX_IRQHandler
                0x00000000080037a0                EXTI0_IRQHandler
                0x00000000080037a0                I2C2_EV_IRQHandler
                0x00000000080037a0                FPU_IRQHandler
                0x00000000080037a0                TIM1_UP_TIM16_IRQHandler
                0x00000000080037a0                ADC1_2_IRQHandler
                0x00000000080037a0                SPI1_IRQHandler
                0x00000000080037a0                CAN_SCE_IRQHandler
                0x00000000080037a0                TIM6_DAC_IRQHandler
                0x00000000080037a0                TIM8_UP_IRQHandler
                0x00000000080037a0                DMA2_Channel2_IRQHandler
                0x00000000080037a0                DMA1_Channel4_IRQHandler
                0x00000000080037a0                USART3_IRQHandler
                0x00000000080037a0                DMA1_Channel7_IRQHandler
                0x00000000080037a0                UART5_IRQHandler
                0x00000000080037a0                ADC3_IRQHandler
                0x00000000080037a0                TIM4_IRQHandler
                0x00000000080037a0                CAN_RX1_IRQHandler
                0x00000000080037a0                DMA2_Channel1_IRQHandler
                0x00000000080037a0                I2C1_EV_IRQHandler
                0x00000000080037a0                DMA1_Channel6_IRQHandler
                0x00000000080037a0                UART4_IRQHandler
                0x00000000080037a0                DMA2_Channel4_IRQHandler
                0x00000000080037a0                TIM3_IRQHandler
                0x00000000080037a0                RCC_IRQHandler
                0x00000000080037a0                Default_Handler
                0x00000000080037a0                USBWakeUp_RMP_IRQHandler
                0x00000000080037a0                EXTI15_10_IRQHandler
                0x00000000080037a0                TIM7_IRQHandler
                0x00000000080037a0                EXTI9_5_IRQHandler
                0x00000000080037a0                RTC_WKUP_IRQHandler
                0x00000000080037a0                SPI2_IRQHandler
                0x00000000080037a0                USB_LP_CAN_RX0_IRQHandler
                0x00000000080037a0                DMA2_Channel5_IRQHandler
                0x00000000080037a0                DMA1_Channel5_IRQHandler
                0x00000000080037a0                USB_LP_IRQHandler
                0x00000000080037a0                EXTI4_IRQHandler
                0x00000000080037a0                TIM1_TRG_COM_TIM17_IRQHandler
                0x00000000080037a0                DMA1_Channel3_IRQHandler
                0x00000000080037a0                ADC4_IRQHandler
                0x00000000080037a0                WWDG_IRQHandler
                0x00000000080037a0                TIM2_IRQHandler
                0x00000000080037a0                COMP7_IRQHandler
                0x00000000080037a0                COMP1_2_3_IRQHandler
                0x00000000080037a0                EXTI1_IRQHandler
                0x00000000080037a0                USART2_IRQHandler
                0x00000000080037a0                COMP4_5_6_IRQHandler
                0x00000000080037a0                I2C2_ER_IRQHandler
                0x00000000080037a0                DMA1_Channel2_IRQHandler
                0x00000000080037a0                TIM8_BRK_IRQHandler
                0x00000000080037a0                FLASH_IRQHandler
                0x00000000080037a0                USART1_IRQHandler
                0x00000000080037a0                SPI3_IRQHandler
                0x00000000080037a0                I2C1_ER_IRQHandler
                0x00000000080037a0                USBWakeUp_IRQHandler
                0x00000000080037a0                DMA2_Channel3_IRQHandler
                0x00000000080037a0                EXTI2_TSC_IRQHandler
                0x00000000080037a0                TIM1_BRK_TIM15_IRQHandler
 *fill*         0x00000000080037a2        0x2 
 .text.__libc_init_array
                0x00000000080037a4       0x48 /home/prateek/STMrun/plugins/com.st.stm32cube.ide.mcu.externaltools.gnu-tools-for-stm32.7-2018-q2-update.linux64_1.0.0.201904181610/tools/bin/../lib/gcc/arm-none-eabi/7.3.1/../../../../arm-none-eabi/lib/thumb/v7e-m/fpv4-sp/hard/libc_nano.a(lib_a-init.o)
                0x00000000080037a4                __libc_init_array
 .text.memset   0x00000000080037ec       0x10 /home/prateek/STMrun/plugins/com.st.stm32cube.ide.mcu.externaltools.gnu-tools-for-stm32.7-2018-q2-update.linux64_1.0.0.201904181610/tools/bin/../lib/gcc/arm-none-eabi/7.3.1/../../../../arm-none-eabi/lib/thumb/v7e-m/fpv4-sp/hard/libc_nano.a(lib_a-memset.o)
                0x00000000080037ec                memset
 *(.glue_7)
 .glue_7        0x00000000080037fc        0x0 linker stubs
 *(.glue_7t)
 .glue_7t       0x00000000080037fc        0x0 linker stubs
 *(.eh_frame)
 .eh_frame      0x00000000080037fc        0x0 /home/prateek/STMrun/plugins/com.st.stm32cube.ide.mcu.externaltools.gnu-tools-for-stm32.7-2018-q2-update.linux64_1.0.0.201904181610/tools/bin/../lib/gcc/arm-none-eabi/7.3.1/thumb/v7e-m/fpv4-sp/hard/crtbegin.o
 *(.init)
 .init          0x00000000080037fc        0x4 /home/prateek/STMrun/plugins/com.st.stm32cube.ide.mcu.externaltools.gnu-tools-for-stm32.7-2018-q2-update.linux64_1.0.0.201904181610/tools/bin/../lib/gcc/arm-none-eabi/7.3.1/thumb/v7e-m/fpv4-sp/hard/crti.o
                0x00000000080037fc                _init
 .init          0x0000000008003800        0x8 /home/prateek/STMrun/plugins/com.st.stm32cube.ide.mcu.externaltools.gnu-tools-for-stm32.7-2018-q2-update.linux64_1.0.0.201904181610/tools/bin/../lib/gcc/arm-none-eabi/7.3.1/thumb/v7e-m/fpv4-sp/hard/crtn.o
 *(.fini)
 .fini          0x0000000008003808        0x4 /home/prateek/STMrun/plugins/com.st.stm32cube.ide.mcu.externaltools.gnu-tools-for-stm32.7-2018-q2-update.linux64_1.0.0.201904181610/tools/bin/../lib/gcc/arm-none-eabi/7.3.1/thumb/v7e-m/fpv4-sp/hard/crti.o
                0x0000000008003808                _fini
 .fini          0x000000000800380c        0x8 /home/prateek/STMrun/plugins/com.st.stm32cube.ide.mcu.externaltools.gnu-tools-for-stm32.7-2018-q2-update.linux64_1.0.0.201904181610/tools/bin/../lib/gcc/arm-none-eabi/7.3.1/thumb/v7e-m/fpv4-sp/hard/crtn.o
                0x0000000008003814                . = ALIGN (0x4)
                0x0000000008003814                _etext = .

.vfp11_veneer   0x0000000008003814        0x0
 .vfp11_veneer  0x0000000008003814        0x0 linker stubs

.v4_bx          0x0000000008003814        0x0
 .v4_bx         0x0000000008003814        0x0 linker stubs

.iplt           0x0000000008003814        0x0
 .iplt          0x0000000008003814        0x0 /home/prateek/STMrun/plugins/com.st.stm32cube.ide.mcu.externaltools.gnu-tools-for-stm32.7-2018-q2-update.linux64_1.0.0.201904181610/tools/bin/../lib/gcc/arm-none-eabi/7.3.1/thumb/v7e-m/fpv4-sp/hard/crtbegin.o

.rodata         0x0000000008003814       0x30
                0x0000000008003814                . = ALIGN (0x4)
 *(.rodata)
 *(.rodata*)
 .rodata.aPLLMULFactorTable
                0x0000000008003814       0x10 Drivers/STM32F3xx_HAL_Driver/Src/stm32f3xx_hal_rcc.o
                0x0000000008003814                aPLLMULFactorTable
 .rodata.aPredivFactorTable
                0x0000000008003824       0x10 Drivers/STM32F3xx_HAL_Driver/Src/stm32f3xx_hal_rcc.o
                0x0000000008003824                aPredivFactorTable
 .rodata.AHBPrescTable
                0x0000000008003834       0x10 Src/system_stm32f3xx.o
                0x0000000008003834                AHBPrescTable
                0x0000000008003844                . = ALIGN (0x4)

.rel.dyn        0x0000000008003844        0x0
 .rel.iplt      0x0000000008003844        0x0 /home/prateek/STMrun/plugins/com.st.stm32cube.ide.mcu.externaltools.gnu-tools-for-stm32.7-2018-q2-update.linux64_1.0.0.201904181610/tools/bin/../lib/gcc/arm-none-eabi/7.3.1/thumb/v7e-m/fpv4-sp/hard/crtbegin.o

.ARM.extab      0x0000000008003844        0x0
                0x0000000008003844                . = ALIGN (0x4)
 *(.ARM.extab* .gnu.linkonce.armextab.*)
                0x0000000008003844                . = ALIGN (0x4)

.ARM            0x0000000008003844        0x0
                0x0000000008003844                . = ALIGN (0x4)
                0x0000000008003844                __exidx_start = .
 *(.ARM.exidx*)
                0x0000000008003844                __exidx_end = .
                0x0000000008003844                . = ALIGN (0x4)

.preinit_array  0x0000000008003844        0x0
                0x0000000008003844                . = ALIGN (0x4)
                0x0000000008003844                PROVIDE (__preinit_array_start = .)
 *(.preinit_array*)
                0x0000000008003844                PROVIDE (__preinit_array_end = .)
                0x0000000008003844                . = ALIGN (0x4)

.init_array     0x0000000008003844        0x4
                0x0000000008003844                . = ALIGN (0x4)
                0x0000000008003844                PROVIDE (__init_array_start = .)
 *(SORT_BY_NAME(.init_array.*))
 *(.init_array*)
 .init_array    0x0000000008003844        0x4 /home/prateek/STMrun/plugins/com.st.stm32cube.ide.mcu.externaltools.gnu-tools-for-stm32.7-2018-q2-update.linux64_1.0.0.201904181610/tools/bin/../lib/gcc/arm-none-eabi/7.3.1/thumb/v7e-m/fpv4-sp/hard/crtbegin.o
                0x0000000008003848                PROVIDE (__init_array_end = .)
                0x0000000008003848                . = ALIGN (0x4)

.fini_array     0x0000000008003848        0x4
                0x0000000008003848                . = ALIGN (0x4)
                [!provide]                        PROVIDE (__fini_array_start = .)
 *(SORT_BY_NAME(.fini_array.*))
 *(.fini_array*)
 .fini_array    0x0000000008003848        0x4 /home/prateek/STMrun/plugins/com.st.stm32cube.ide.mcu.externaltools.gnu-tools-for-stm32.7-2018-q2-update.linux64_1.0.0.201904181610/tools/bin/../lib/gcc/arm-none-eabi/7.3.1/thumb/v7e-m/fpv4-sp/hard/crtbegin.o
                [!provide]                        PROVIDE (__fini_array_end = .)
                0x000000000800384c                . = ALIGN (0x4)
                0x000000000800384c                _sidata = LOADADDR (.data)

.data           0x0000000020000000        0xc load address 0x000000000800384c
                0x0000000020000000                . = ALIGN (0x4)
                0x0000000020000000                _sdata = .
 *(.data)
 *(.data*)
 .data.uwTickPrio
                0x0000000020000000        0x4 Drivers/STM32F3xx_HAL_Driver/Src/stm32f3xx_hal.o
                0x0000000020000000                uwTickPrio
 .data.uwTickFreq
                0x0000000020000004        0x1 Drivers/STM32F3xx_HAL_Driver/Src/stm32f3xx_hal.o
                0x0000000020000004                uwTickFreq
 *fill*         0x0000000020000005        0x3 
 .data.SystemCoreClock
                0x0000000020000008        0x4 Src/system_stm32f3xx.o
                0x0000000020000008                SystemCoreClock
                0x000000002000000c                . = ALIGN (0x4)
                0x000000002000000c                _edata = .

.igot.plt       0x000000002000000c        0x0 load address 0x0000000008003858
 .igot.plt      0x000000002000000c        0x0 /home/prateek/STMrun/plugins/com.st.stm32cube.ide.mcu.externaltools.gnu-tools-for-stm32.7-2018-q2-update.linux64_1.0.0.201904181610/tools/bin/../lib/gcc/arm-none-eabi/7.3.1/thumb/v7e-m/fpv4-sp/hard/crtbegin.o
                0x000000002000000c                . = ALIGN (0x4)

.bss            0x000000002000000c      0x100 load address 0x0000000008003858
                0x000000002000000c                _sbss = .
                0x000000002000000c                __bss_start__ = _sbss
 *(.bss)
 .bss           0x000000002000000c       0x1c /home/prateek/STMrun/plugins/com.st.stm32cube.ide.mcu.externaltools.gnu-tools-for-stm32.7-2018-q2-update.linux64_1.0.0.201904181610/tools/bin/../lib/gcc/arm-none-eabi/7.3.1/thumb/v7e-m/fpv4-sp/hard/crtbegin.o
 *(.bss*)
 *(COMMON)
 COMMON         0x0000000020000028        0x4 Drivers/STM32F3xx_HAL_Driver/Src/stm32f3xx_hal.o
                0x0000000020000028                uwTick
 COMMON         0x000000002000002c       0xe0 Src/main.o
                0x000000002000002c                values
                0x0000000020000034                hadc1
                0x0000000020000088                hdma_adc1
                0x00000000200000cc                htim2
                0x000000002000010c                . = ALIGN (0x4)
                0x000000002000010c                _ebss = .
                0x000000002000010c                __bss_end__ = _ebss

._user_heap_stack
                0x000000002000010c      0x604 load address 0x0000000008003858
                0x0000000020000110                . = ALIGN (0x8)
 *fill*         0x000000002000010c        0x4 
                0x0000000020000110                PROVIDE (end = .)
                [!provide]                        PROVIDE (_end = .)
                0x0000000020000310                . = (. + _Min_Heap_Size)
 *fill*         0x0000000020000110      0x200 
                0x0000000020000710                . = (. + _Min_Stack_Size)
 *fill*         0x0000000020000310      0x400 
                0x0000000020000710                . = ALIGN (0x8)

/DISCARD/
 libc.a(*)
 libm.a(*)
 libgcc.a(*)

.ARM.attributes
                0x0000000000000000       0x30
 *(.ARM.attributes)
 .ARM.attributes
                0x0000000000000000       0x22 /home/prateek/STMrun/plugins/com.st.stm32cube.ide.mcu.externaltools.gnu-tools-for-stm32.7-2018-q2-update.linux64_1.0.0.201904181610/tools/bin/../lib/gcc/arm-none-eabi/7.3.1/thumb/v7e-m/fpv4-sp/hard/crti.o
 .ARM.attributes
                0x0000000000000022       0x34 /home/prateek/STMrun/plugins/com.st.stm32cube.ide.mcu.externaltools.gnu-tools-for-stm32.7-2018-q2-update.linux64_1.0.0.201904181610/tools/bin/../lib/gcc/arm-none-eabi/7.3.1/thumb/v7e-m/fpv4-sp/hard/crtbegin.o
 .ARM.attributes
                0x0000000000000056       0x39 Drivers/STM32F3xx_HAL_Driver/Src/stm32f3xx_hal.o
 .ARM.attributes
                0x000000000000008f       0x39 Drivers/STM32F3xx_HAL_Driver/Src/stm32f3xx_hal_adc.o
 .ARM.attributes
                0x00000000000000c8       0x39 Drivers/STM32F3xx_HAL_Driver/Src/stm32f3xx_hal_adc_ex.o
 .ARM.attributes
                0x0000000000000101       0x39 Drivers/STM32F3xx_HAL_Driver/Src/stm32f3xx_hal_cortex.o
 .ARM.attributes
                0x000000000000013a       0x39 Drivers/STM32F3xx_HAL_Driver/Src/stm32f3xx_hal_dma.o
 .ARM.attributes
                0x0000000000000173       0x39 Drivers/STM32F3xx_HAL_Driver/Src/stm32f3xx_hal_gpio.o
 .ARM.attributes
                0x00000000000001ac       0x39 Drivers/STM32F3xx_HAL_Driver/Src/stm32f3xx_hal_rcc.o
 .ARM.attributes
                0x00000000000001e5       0x39 Drivers/STM32F3xx_HAL_Driver/Src/stm32f3xx_hal_tim.o
 .ARM.attributes
                0x000000000000021e       0x39 Drivers/STM32F3xx_HAL_Driver/Src/stm32f3xx_hal_tim_ex.o
 .ARM.attributes
                0x0000000000000257       0x39 Src/main.o
 .ARM.attributes
                0x0000000000000290       0x39 Src/stm32f3xx_hal_msp.o
 .ARM.attributes
                0x00000000000002c9       0x39 Src/stm32f3xx_it.o
 .ARM.attributes
                0x0000000000000302       0x39 Src/system_stm32f3xx.o
 .ARM.attributes
                0x000000000000033b       0x21 Startup/startup_stm32f303vctx.o
 .ARM.attributes
                0x000000000000035c       0x34 /home/prateek/STMrun/plugins/com.st.stm32cube.ide.mcu.externaltools.gnu-tools-for-stm32.7-2018-q2-update.linux64_1.0.0.201904181610/tools/bin/../lib/gcc/arm-none-eabi/7.3.1/../../../../arm-none-eabi/lib/thumb/v7e-m/fpv4-sp/hard/libc_nano.a(lib_a-init.o)
 .ARM.attributes
                0x0000000000000390       0x34 /home/prateek/STMrun/plugins/com.st.stm32cube.ide.mcu.externaltools.gnu-tools-for-stm32.7-2018-q2-update.linux64_1.0.0.201904181610/tools/bin/../lib/gcc/arm-none-eabi/7.3.1/../../../../arm-none-eabi/lib/thumb/v7e-m/fpv4-sp/hard/libc_nano.a(lib_a-memset.o)
 .ARM.attributes
                0x00000000000003c4       0x22 /home/prateek/STMrun/plugins/com.st.stm32cube.ide.mcu.externaltools.gnu-tools-for-stm32.7-2018-q2-update.linux64_1.0.0.201904181610/tools/bin/../lib/gcc/arm-none-eabi/7.3.1/thumb/v7e-m/fpv4-sp/hard/crtn.o
OUTPUT(ADCSingleChannel.elf elf32-littlearm)

.debug_info     0x0000000000000000    0x12130
 .debug_info    0x0000000000000000      0xfe5 Drivers/STM32F3xx_HAL_Driver/Src/stm32f3xx_hal.o
 .debug_info    0x0000000000000fe5     0x13b9 Drivers/STM32F3xx_HAL_Driver/Src/stm32f3xx_hal_adc.o
 .debug_info    0x000000000000239e     0x1d79 Drivers/STM32F3xx_HAL_Driver/Src/stm32f3xx_hal_adc_ex.o
 .debug_info    0x0000000000004117     0x159e Drivers/STM32F3xx_HAL_Driver/Src/stm32f3xx_hal_cortex.o
 .debug_info    0x00000000000056b5      0xfdb Drivers/STM32F3xx_HAL_Driver/Src/stm32f3xx_hal_dma.o
 .debug_info    0x0000000000006690      0xf29 Drivers/STM32F3xx_HAL_Driver/Src/stm32f3xx_hal_gpio.o
 .debug_info    0x00000000000075b9     0x1ffd Drivers/STM32F3xx_HAL_Driver/Src/stm32f3xx_hal_rcc.o
 .debug_info    0x00000000000095b6     0x2b25 Drivers/STM32F3xx_HAL_Driver/Src/stm32f3xx_hal_tim.o
 .debug_info    0x000000000000c0db     0x1b04 Drivers/STM32F3xx_HAL_Driver/Src/stm32f3xx_hal_tim_ex.o
 .debug_info    0x000000000000dbdf     0x17e1 Src/main.o
 .debug_info    0x000000000000f3c0     0x14a2 Src/stm32f3xx_hal_msp.o
 .debug_info    0x0000000000010862      0xc3e Src/stm32f3xx_it.o
 .debug_info    0x00000000000114a0      0xc6e Src/system_stm32f3xx.o
 .debug_info    0x000000000001210e       0x22 Startup/startup_stm32f303vctx.o

.debug_abbrev   0x0000000000000000     0x1f86
 .debug_abbrev  0x0000000000000000      0x283 Drivers/STM32F3xx_HAL_Driver/Src/stm32f3xx_hal.o
 .debug_abbrev  0x0000000000000283      0x1e9 Drivers/STM32F3xx_HAL_Driver/Src/stm32f3xx_hal_adc.o
 .debug_abbrev  0x000000000000046c      0x287 Drivers/STM32F3xx_HAL_Driver/Src/stm32f3xx_hal_adc_ex.o
 .debug_abbrev  0x00000000000006f3      0x342 Drivers/STM32F3xx_HAL_Driver/Src/stm32f3xx_hal_cortex.o
 .debug_abbrev  0x0000000000000a35      0x26f Drivers/STM32F3xx_HAL_Driver/Src/stm32f3xx_hal_dma.o
 .debug_abbrev  0x0000000000000ca4      0x251 Drivers/STM32F3xx_HAL_Driver/Src/stm32f3xx_hal_gpio.o
 .debug_abbrev  0x0000000000000ef5      0x314 Drivers/STM32F3xx_HAL_Driver/Src/stm32f3xx_hal_rcc.o
 .debug_abbrev  0x0000000000001209      0x2b2 Drivers/STM32F3xx_HAL_Driver/Src/stm32f3xx_hal_tim.o
 .debug_abbrev  0x00000000000014bb      0x28f Drivers/STM32F3xx_HAL_Driver/Src/stm32f3xx_hal_tim_ex.o
 .debug_abbrev  0x000000000000174a      0x270 Src/main.o
 .debug_abbrev  0x00000000000019ba      0x219 Src/stm32f3xx_hal_msp.o
 .debug_abbrev  0x0000000000001bd3      0x1ba Src/stm32f3xx_it.o
 .debug_abbrev  0x0000000000001d8d      0x1e7 Src/system_stm32f3xx.o
 .debug_abbrev  0x0000000000001f74       0x12 Startup/startup_stm32f303vctx.o

.debug_aranges  0x0000000000000000      0xbc8
 .debug_aranges
                0x0000000000000000       0xe0 Drivers/STM32F3xx_HAL_Driver/Src/stm32f3xx_hal.o
 .debug_aranges
                0x00000000000000e0       0xc8 Drivers/STM32F3xx_HAL_Driver/Src/stm32f3xx_hal_adc.o
 .debug_aranges
                0x00000000000001a8      0x168 Drivers/STM32F3xx_HAL_Driver/Src/stm32f3xx_hal_adc_ex.o
 .debug_aranges
                0x0000000000000310      0x118 Drivers/STM32F3xx_HAL_Driver/Src/stm32f3xx_hal_cortex.o
 .debug_aranges
                0x0000000000000428       0x88 Drivers/STM32F3xx_HAL_Driver/Src/stm32f3xx_hal_dma.o
 .debug_aranges
                0x00000000000004b0       0x58 Drivers/STM32F3xx_HAL_Driver/Src/stm32f3xx_hal_gpio.o
 .debug_aranges
                0x0000000000000508       0x88 Drivers/STM32F3xx_HAL_Driver/Src/stm32f3xx_hal_rcc.o
 .debug_aranges
                0x0000000000000590      0x378 Drivers/STM32F3xx_HAL_Driver/Src/stm32f3xx_hal_tim.o
 .debug_aranges
                0x0000000000000908      0x178 Drivers/STM32F3xx_HAL_Driver/Src/stm32f3xx_hal_tim_ex.o
 .debug_aranges
                0x0000000000000a80       0x50 Src/main.o
 .debug_aranges
                0x0000000000000ad0       0x40 Src/stm32f3xx_hal_msp.o
 .debug_aranges
                0x0000000000000b10       0x68 Src/stm32f3xx_it.o
 .debug_aranges
                0x0000000000000b78       0x28 Src/system_stm32f3xx.o
 .debug_aranges
                0x0000000000000ba0       0x28 Startup/startup_stm32f303vctx.o

.debug_ranges   0x0000000000000000      0xaf0
 .debug_ranges  0x0000000000000000       0xd0 Drivers/STM32F3xx_HAL_Driver/Src/stm32f3xx_hal.o
 .debug_ranges  0x00000000000000d0       0xb8 Drivers/STM32F3xx_HAL_Driver/Src/stm32f3xx_hal_adc.o
 .debug_ranges  0x0000000000000188      0x158 Drivers/STM32F3xx_HAL_Driver/Src/stm32f3xx_hal_adc_ex.o
 .debug_ranges  0x00000000000002e0      0x108 Drivers/STM32F3xx_HAL_Driver/Src/stm32f3xx_hal_cortex.o
 .debug_ranges  0x00000000000003e8       0x78 Drivers/STM32F3xx_HAL_Driver/Src/stm32f3xx_hal_dma.o
 .debug_ranges  0x0000000000000460       0x48 Drivers/STM32F3xx_HAL_Driver/Src/stm32f3xx_hal_gpio.o
 .debug_ranges  0x00000000000004a8       0x78 Drivers/STM32F3xx_HAL_Driver/Src/stm32f3xx_hal_rcc.o
 .debug_ranges  0x0000000000000520      0x368 Drivers/STM32F3xx_HAL_Driver/Src/stm32f3xx_hal_tim.o
 .debug_ranges  0x0000000000000888      0x168 Drivers/STM32F3xx_HAL_Driver/Src/stm32f3xx_hal_tim_ex.o
 .debug_ranges  0x00000000000009f0       0x40 Src/main.o
 .debug_ranges  0x0000000000000a30       0x30 Src/stm32f3xx_hal_msp.o
 .debug_ranges  0x0000000000000a60       0x58 Src/stm32f3xx_it.o
 .debug_ranges  0x0000000000000ab8       0x18 Src/system_stm32f3xx.o
 .debug_ranges  0x0000000000000ad0       0x20 Startup/startup_stm32f303vctx.o

.debug_macro    0x0000000000000000    0x1b356
 .debug_macro   0x0000000000000000      0x33b Drivers/STM32F3xx_HAL_Driver/Src/stm32f3xx_hal.o
 .debug_macro   0x000000000000033b      0xa5a Drivers/STM32F3xx_HAL_Driver/Src/stm32f3xx_hal.o
 .debug_macro   0x0000000000000d95       0xab Drivers/STM32F3xx_HAL_Driver/Src/stm32f3xx_hal.o
 .debug_macro   0x0000000000000e40       0x2f Drivers/STM32F3xx_HAL_Driver/Src/stm32f3xx_hal.o
 .debug_macro   0x0000000000000e6f       0x28 Drivers/STM32F3xx_HAL_Driver/Src/stm32f3xx_hal.o
 .debug_macro   0x0000000000000e97       0x22 Drivers/STM32F3xx_HAL_Driver/Src/stm32f3xx_hal.o
 .debug_macro   0x0000000000000eb9       0x8e Drivers/STM32F3xx_HAL_Driver/Src/stm32f3xx_hal.o
 .debug_macro   0x0000000000000f47       0x51 Drivers/STM32F3xx_HAL_Driver/Src/stm32f3xx_hal.o
 .debug_macro   0x0000000000000f98       0xef Drivers/STM32F3xx_HAL_Driver/Src/stm32f3xx_hal.o
 .debug_macro   0x0000000000001087       0x6a Drivers/STM32F3xx_HAL_Driver/Src/stm32f3xx_hal.o
 .debug_macro   0x00000000000010f1      0x1df Drivers/STM32F3xx_HAL_Driver/Src/stm32f3xx_hal.o
 .debug_macro   0x00000000000012d0       0x35 Drivers/STM32F3xx_HAL_Driver/Src/stm32f3xx_hal.o
 .debug_macro   0x0000000000001305       0x50 Drivers/STM32F3xx_HAL_Driver/Src/stm32f3xx_hal.o
 .debug_macro   0x0000000000001355      0xe66 Drivers/STM32F3xx_HAL_Driver/Src/stm32f3xx_hal.o
 .debug_macro   0x00000000000021bb    0x12a4f Drivers/STM32F3xx_HAL_Driver/Src/stm32f3xx_hal.o
 .debug_macro   0x0000000000014c0a       0x43 Drivers/STM32F3xx_HAL_Driver/Src/stm32f3xx_hal.o
 .debug_macro   0x0000000000014c4d       0x46 Drivers/STM32F3xx_HAL_Driver/Src/stm32f3xx_hal.o
 .debug_macro   0x0000000000014c93       0x18 Drivers/STM32F3xx_HAL_Driver/Src/stm32f3xx_hal.o
 .debug_macro   0x0000000000014cab       0x3c Drivers/STM32F3xx_HAL_Driver/Src/stm32f3xx_hal.o
 .debug_macro   0x0000000000014ce7       0x34 Drivers/STM32F3xx_HAL_Driver/Src/stm32f3xx_hal.o
 .debug_macro   0x0000000000014d1b       0x16 Drivers/STM32F3xx_HAL_Driver/Src/stm32f3xx_hal.o
 .debug_macro   0x0000000000014d31       0x97 Drivers/STM32F3xx_HAL_Driver/Src/stm32f3xx_hal.o
 .debug_macro   0x0000000000014dc8      0x330 Drivers/STM32F3xx_HAL_Driver/Src/stm32f3xx_hal.o
 .debug_macro   0x00000000000150f8       0xfd Drivers/STM32F3xx_HAL_Driver/Src/stm32f3xx_hal.o
 .debug_macro   0x00000000000151f5       0x10 Drivers/STM32F3xx_HAL_Driver/Src/stm32f3xx_hal.o
 .debug_macro   0x0000000000015205       0x52 Drivers/STM32F3xx_HAL_Driver/Src/stm32f3xx_hal.o
 .debug_macro   0x0000000000015257       0x1f Drivers/STM32F3xx_HAL_Driver/Src/stm32f3xx_hal.o
 .debug_macro   0x0000000000015276       0x43 Drivers/STM32F3xx_HAL_Driver/Src/stm32f3xx_hal.o
 .debug_macro   0x00000000000152b9       0x20 Drivers/STM32F3xx_HAL_Driver/Src/stm32f3xx_hal.o
 .debug_macro   0x00000000000152d9      0x1a3 Drivers/STM32F3xx_HAL_Driver/Src/stm32f3xx_hal.o
 .debug_macro   0x000000000001547c       0x10 Drivers/STM32F3xx_HAL_Driver/Src/stm32f3xx_hal.o
 .debug_macro   0x000000000001548c       0x1c Drivers/STM32F3xx_HAL_Driver/Src/stm32f3xx_hal.o
 .debug_macro   0x00000000000154a8       0x52 Drivers/STM32F3xx_HAL_Driver/Src/stm32f3xx_hal.o
 .debug_macro   0x00000000000154fa       0x40 Drivers/STM32F3xx_HAL_Driver/Src/stm32f3xx_hal.o
 .debug_macro   0x000000000001553a       0x10 Drivers/STM32F3xx_HAL_Driver/Src/stm32f3xx_hal.o
 .debug_macro   0x000000000001554a       0x40 Drivers/STM32F3xx_HAL_Driver/Src/stm32f3xx_hal.o
 .debug_macro   0x000000000001558a       0xd7 Drivers/STM32F3xx_HAL_Driver/Src/stm32f3xx_hal.o
 .debug_macro   0x0000000000015661       0x1c Drivers/STM32F3xx_HAL_Driver/Src/stm32f3xx_hal.o
 .debug_macro   0x000000000001567d       0x3d Drivers/STM32F3xx_HAL_Driver/Src/stm32f3xx_hal.o
 .debug_macro   0x00000000000156ba       0x16 Drivers/STM32F3xx_HAL_Driver/Src/stm32f3xx_hal.o
 .debug_macro   0x00000000000156d0      0x145 Drivers/STM32F3xx_HAL_Driver/Src/stm32f3xx_hal.o
 .debug_macro   0x0000000000015815       0x50 Drivers/STM32F3xx_HAL_Driver/Src/stm32f3xx_hal.o
 .debug_macro   0x0000000000015865      0x968 Drivers/STM32F3xx_HAL_Driver/Src/stm32f3xx_hal.o
 .debug_macro   0x00000000000161cd      0x5fe Drivers/STM32F3xx_HAL_Driver/Src/stm32f3xx_hal.o
 .debug_macro   0x00000000000167cb      0x13a Drivers/STM32F3xx_HAL_Driver/Src/stm32f3xx_hal.o
 .debug_macro   0x0000000000016905      0x1fb Drivers/STM32F3xx_HAL_Driver/Src/stm32f3xx_hal.o
 .debug_macro   0x0000000000016b00      0x1bc Drivers/STM32F3xx_HAL_Driver/Src/stm32f3xx_hal.o
 .debug_macro   0x0000000000016cbc       0x31 Drivers/STM32F3xx_HAL_Driver/Src/stm32f3xx_hal.o
 .debug_macro   0x0000000000016ced       0x3c Drivers/STM32F3xx_HAL_Driver/Src/stm32f3xx_hal.o
 .debug_macro   0x0000000000016d29      0x23a Drivers/STM32F3xx_HAL_Driver/Src/stm32f3xx_hal.o
 .debug_macro   0x0000000000016f63      0x9b8 Drivers/STM32F3xx_HAL_Driver/Src/stm32f3xx_hal.o
 .debug_macro   0x000000000001791b       0x77 Drivers/STM32F3xx_HAL_Driver/Src/stm32f3xx_hal.o
 .debug_macro   0x0000000000017992       0xcb Drivers/STM32F3xx_HAL_Driver/Src/stm32f3xx_hal.o
 .debug_macro   0x0000000000017a5d      0x22b Drivers/STM32F3xx_HAL_Driver/Src/stm32f3xx_hal.o
 .debug_macro   0x0000000000017c88      0x209 Drivers/STM32F3xx_HAL_Driver/Src/stm32f3xx_hal.o
 .debug_macro   0x0000000000017e91       0x5b Drivers/STM32F3xx_HAL_Driver/Src/stm32f3xx_hal.o
 .debug_macro   0x0000000000017eec       0x90 Drivers/STM32F3xx_HAL_Driver/Src/stm32f3xx_hal.o
 .debug_macro   0x0000000000017f7c       0x82 Drivers/STM32F3xx_HAL_Driver/Src/stm32f3xx_hal.o
 .debug_macro   0x0000000000017ffe       0xd3 Drivers/STM32F3xx_HAL_Driver/Src/stm32f3xx_hal.o
 .debug_macro   0x00000000000180d1      0x6af Drivers/STM32F3xx_HAL_Driver/Src/stm32f3xx_hal.o
 .debug_macro   0x0000000000018780      0x38a Drivers/STM32F3xx_HAL_Driver/Src/stm32f3xx_hal.o
 .debug_macro   0x0000000000018b0a      0x277 Drivers/STM32F3xx_HAL_Driver/Src/stm32f3xx_hal.o
 .debug_macro   0x0000000000018d81      0x318 Drivers/STM32F3xx_HAL_Driver/Src/stm32f3xx_hal_adc.o
 .debug_macro   0x0000000000019099      0x341 Drivers/STM32F3xx_HAL_Driver/Src/stm32f3xx_hal_adc_ex.o
 .debug_macro   0x00000000000193da      0x317 Drivers/STM32F3xx_HAL_Driver/Src/stm32f3xx_hal_cortex.o
 .debug_macro   0x00000000000196f1      0x317 Drivers/STM32F3xx_HAL_Driver/Src/stm32f3xx_hal_dma.o
 .debug_macro   0x0000000000019a08      0x34f Drivers/STM32F3xx_HAL_Driver/Src/stm32f3xx_hal_gpio.o
 .debug_macro   0x0000000000019d57      0x33b Drivers/STM32F3xx_HAL_Driver/Src/stm32f3xx_hal_rcc.o
 .debug_macro   0x000000000001a092      0x317 Drivers/STM32F3xx_HAL_Driver/Src/stm32f3xx_hal_tim.o
 .debug_macro   0x000000000001a3a9      0x323 Drivers/STM32F3xx_HAL_Driver/Src/stm32f3xx_hal_tim_ex.o
 .debug_macro   0x000000000001a6cc      0x321 Src/main.o
 .debug_macro   0x000000000001a9ed      0x321 Src/stm32f3xx_hal_msp.o
 .debug_macro   0x000000000001ad0e      0x32b Src/stm32f3xx_it.o
 .debug_macro   0x000000000001b039      0x31d Src/system_stm32f3xx.o

.debug_line     0x0000000000000000     0xa950
 .debug_line    0x0000000000000000      0x9ec Drivers/STM32F3xx_HAL_Driver/Src/stm32f3xx_hal.o
 .debug_line    0x00000000000009ec      0x99e Drivers/STM32F3xx_HAL_Driver/Src/stm32f3xx_hal_adc.o
 .debug_line    0x000000000000138a     0x1ae9 Drivers/STM32F3xx_HAL_Driver/Src/stm32f3xx_hal_adc_ex.o
 .debug_line    0x0000000000002e73      0xb16 Drivers/STM32F3xx_HAL_Driver/Src/stm32f3xx_hal_cortex.o
 .debug_line    0x0000000000003989      0xa2a Drivers/STM32F3xx_HAL_Driver/Src/stm32f3xx_hal_dma.o
 .debug_line    0x00000000000043b3      0x9a3 Drivers/STM32F3xx_HAL_Driver/Src/stm32f3xx_hal_gpio.o
 .debug_line    0x0000000000004d56      0xf46 Drivers/STM32F3xx_HAL_Driver/Src/stm32f3xx_hal_rcc.o
 .debug_line    0x0000000000005c9c     0x1aad Drivers/STM32F3xx_HAL_Driver/Src/stm32f3xx_hal_tim.o
 .debug_line    0x0000000000007749      0xf62 Drivers/STM32F3xx_HAL_Driver/Src/stm32f3xx_hal_tim_ex.o
 .debug_line    0x00000000000086ab      0x8bc Src/main.o
 .debug_line    0x0000000000008f67      0x86e Src/stm32f3xx_hal_msp.o
 .debug_line    0x00000000000097d5      0x8c5 Src/stm32f3xx_it.o
 .debug_line    0x000000000000a09a      0x835 Src/system_stm32f3xx.o
 .debug_line    0x000000000000a8cf       0x81 Startup/startup_stm32f303vctx.o

.debug_str      0x0000000000000000    0x9c750
 .debug_str     0x0000000000000000    0x995b7 Drivers/STM32F3xx_HAL_Driver/Src/stm32f3xx_hal.o
                                      0x99941 (size before relaxing)
 .debug_str     0x00000000000995b7      0x62c Drivers/STM32F3xx_HAL_Driver/Src/stm32f3xx_hal_adc.o
                                      0x997be (size before relaxing)
 .debug_str     0x0000000000099be3      0x70c Drivers/STM32F3xx_HAL_Driver/Src/stm32f3xx_hal_adc_ex.o
                                      0x99dfa (size before relaxing)
 .debug_str     0x000000000009a2ef      0x401 Drivers/STM32F3xx_HAL_Driver/Src/stm32f3xx_hal_cortex.o
                                      0x99a46 (size before relaxing)
 .debug_str     0x000000000009a6f0      0x257 Drivers/STM32F3xx_HAL_Driver/Src/stm32f3xx_hal_dma.o
                                      0x9952c (size before relaxing)
 .debug_str     0x000000000009a947      0x2aa Drivers/STM32F3xx_HAL_Driver/Src/stm32f3xx_hal_gpio.o
                                      0x9941e (size before relaxing)
 .debug_str     0x000000000009abf1      0x3fe Drivers/STM32F3xx_HAL_Driver/Src/stm32f3xx_hal_rcc.o
                                      0x99601 (size before relaxing)
 .debug_str     0x000000000009afef      0xf11 Drivers/STM32F3xx_HAL_Driver/Src/stm32f3xx_hal_tim.o
                                      0x9a25f (size before relaxing)
 .debug_str     0x000000000009bf00      0x61d Drivers/STM32F3xx_HAL_Driver/Src/stm32f3xx_hal_tim_ex.o
                                      0x99c91 (size before relaxing)
 .debug_str     0x000000000009c51d       0x8e Src/main.o
                                      0x99e54 (size before relaxing)
 .debug_str     0x000000000009c5ab       0x35 Src/stm32f3xx_hal_msp.o
                                      0x99838 (size before relaxing)
 .debug_str     0x000000000009c5e0       0xd1 Src/stm32f3xx_it.o
                                      0x9935e (size before relaxing)
 .debug_str     0x000000000009c6b1       0x6e Src/system_stm32f3xx.o
                                      0x991c1 (size before relaxing)
 .debug_str     0x000000000009c71f       0x31 Startup/startup_stm32f303vctx.o
                                         0x73 (size before relaxing)

.comment        0x0000000000000000       0x7b
 .comment       0x0000000000000000       0x7b Drivers/STM32F3xx_HAL_Driver/Src/stm32f3xx_hal.o
                                         0x7c (size before relaxing)
 .comment       0x000000000000007b       0x7c Drivers/STM32F3xx_HAL_Driver/Src/stm32f3xx_hal_adc.o
 .comment       0x000000000000007b       0x7c Drivers/STM32F3xx_HAL_Driver/Src/stm32f3xx_hal_adc_ex.o
 .comment       0x000000000000007b       0x7c Drivers/STM32F3xx_HAL_Driver/Src/stm32f3xx_hal_cortex.o
 .comment       0x000000000000007b       0x7c Drivers/STM32F3xx_HAL_Driver/Src/stm32f3xx_hal_dma.o
 .comment       0x000000000000007b       0x7c Drivers/STM32F3xx_HAL_Driver/Src/stm32f3xx_hal_gpio.o
 .comment       0x000000000000007b       0x7c Drivers/STM32F3xx_HAL_Driver/Src/stm32f3xx_hal_rcc.o
 .comment       0x000000000000007b       0x7c Drivers/STM32F3xx_HAL_Driver/Src/stm32f3xx_hal_tim.o
 .comment       0x000000000000007b       0x7c Drivers/STM32F3xx_HAL_Driver/Src/stm32f3xx_hal_tim_ex.o
 .comment       0x000000000000007b       0x7c Src/main.o
 .comment       0x000000000000007b       0x7c Src/stm32f3xx_hal_msp.o
 .comment       0x000000000000007b       0x7c Src/stm32f3xx_it.o
 .comment       0x000000000000007b       0x7c Src/system_stm32f3xx.o

.debug_frame    0x0000000000000000     0x3138
 .debug_frame   0x0000000000000000      0x334 Drivers/STM32F3xx_HAL_Driver/Src/stm32f3xx_hal.o
 .debug_frame   0x0000000000000334      0x380 Drivers/STM32F3xx_HAL_Driver/Src/stm32f3xx_hal_adc.o
 .debug_frame   0x00000000000006b4      0x644 Drivers/STM32F3xx_HAL_Driver/Src/stm32f3xx_hal_adc_ex.o
 .debug_frame   0x0000000000000cf8      0x498 Drivers/STM32F3xx_HAL_Driver/Src/stm32f3xx_hal_cortex.o
 .debug_frame   0x0000000000001190      0x224 Drivers/STM32F3xx_HAL_Driver/Src/stm32f3xx_hal_dma.o
 .debug_frame   0x00000000000013b4      0x14c Drivers/STM32F3xx_HAL_Driver/Src/stm32f3xx_hal_gpio.o
 .debug_frame   0x0000000000001500      0x214 Drivers/STM32F3xx_HAL_Driver/Src/stm32f3xx_hal_rcc.o
 .debug_frame   0x0000000000001714      0xffc Drivers/STM32F3xx_HAL_Driver/Src/stm32f3xx_hal_tim.o
 .debug_frame   0x0000000000002710      0x688 Drivers/STM32F3xx_HAL_Driver/Src/stm32f3xx_hal_tim_ex.o
 .debug_frame   0x0000000000002d98      0x104 Src/main.o
 .debug_frame   0x0000000000002e9c       0xd0 Src/stm32f3xx_hal_msp.o
 .debug_frame   0x0000000000002f6c      0x128 Src/stm32f3xx_it.o
 .debug_frame   0x0000000000003094       0x58 Src/system_stm32f3xx.o
 .debug_frame   0x00000000000030ec       0x2c /home/prateek/STMrun/plugins/com.st.stm32cube.ide.mcu.externaltools.gnu-tools-for-stm32.7-2018-q2-update.linux64_1.0.0.201904181610/tools/bin/../lib/gcc/arm-none-eabi/7.3.1/../../../../arm-none-eabi/lib/thumb/v7e-m/fpv4-sp/hard/libc_nano.a(lib_a-init.o)
 .debug_frame   0x0000000000003118       0x20 /home/prateek/STMrun/plugins/com.st.stm32cube.ide.mcu.externaltools.gnu-tools-for-stm32.7-2018-q2-update.linux64_1.0.0.201904181610/tools/bin/../lib/gcc/arm-none-eabi/7.3.1/../../../../arm-none-eabi/lib/thumb/v7e-m/fpv4-sp/hard/libc_nano.a(lib_a-memset.o)
